MPLINK 4.49, Linker
Linker Map File - Created Fri Mar 30 21:21:40 2018

                                 Section Info
                  Section       Type    Address   Location Size(Bytes)
                ---------  ---------  ---------  ---------  ---------
                   .org_0       code   0x000000    program   0x000000
                   .org_1       code   0x000000    program   0x000002
                   .org_2       code   0x000004    program   0x000aea
.config_2007_USART PIC RASPBERRY.O       code   0x002007    program   0x000002



                              Program Memory Usage 
                               Start         End      
                           ---------   ---------      
                            0x000000    0x000000      
                            0x000004    0x000578      
                            0x002007    0x002007      
            1399 out of 8454 program addresses used, program memory utilization is 16%



                              Symbols - Sorted by Name
                     Name    Address   Location    Storage File                     
                ---------  ---------  ---------  --------- ---------                
              ADCinterrup   0x00000b    program     static C:\Users\tiafa\Desktop\USART PIC Raspberry\USART PIC Raspberry.asm
Apaga_Enciende_Ventilador   0x000197    program     static C:\Users\tiafa\Desktop\USART PIC Raspberry\USART PIC Raspberry.asm
            Bit9_10_son_0   0x00035b    program     static C:\Users\tiafa\Desktop\USART PIC Raspberry\USART PIC Raspberry.asm
            Bit9_10_son_1   0x000364    program     static C:\Users\tiafa\Desktop\USART PIC Raspberry\USART PIC Raspberry.asm
     Bit9_es_0_Bit10_es_1   0x000361    program     static C:\Users\tiafa\Desktop\USART PIC Raspberry\USART PIC Raspberry.asm
     Bit9_es_1_Bit10_es_0   0x00035e    program     static C:\Users\tiafa\Desktop\USART PIC Raspberry\USART PIC Raspberry.asm
             CONV_BINaBCD   0x000430    program     static C:\Users\tiafa\Desktop\USART PIC Raspberry\USART PIC Raspberry.asm
             CONV_BINaHEX   0x000455    program     static C:\Users\tiafa\Desktop\USART PIC Raspberry\USART PIC Raspberry.asm
                ConfigADC   0x0001b1    program     static C:\Users\tiafa\Desktop\USART PIC Raspberry\USART PIC Raspberry.asm
         ContCalCorriente   0x0000cc    program     static C:\Users\tiafa\Desktop\USART PIC Raspberry\USART PIC Raspberry.asm
           ContCalVoltaje   0x00013a    program     static C:\Users\tiafa\Desktop\USART PIC Raspberry\USART PIC Raspberry.asm
         DivisionCalculos   0x00028c    program     static C:\Users\tiafa\Desktop\USART PIC Raspberry\USART PIC Raspberry.asm
               IniProgMed   0x000053    program     static C:\Users\tiafa\Desktop\USART PIC Raspberry\USART PIC Raspberry.asm
         IniciaDisplayLCD   0x0001e0    program     static C:\Users\tiafa\Desktop\USART PIC Raspberry\USART PIC Raspberry.asm
           MedirCorriente   0x000087    program     static C:\Users\tiafa\Desktop\USART PIC Raspberry\USART PIC Raspberry.asm
         MedirTemperatura   0x000168    program     static C:\Users\tiafa\Desktop\USART PIC Raspberry\USART PIC Raspberry.asm
             MedirVoltaje   0x0000f5    program     static C:\Users\tiafa\Desktop\USART PIC Raspberry\USART PIC Raspberry.asm
   MultiplicacionCalculos   0x000342    program     static C:\Users\tiafa\Desktop\USART PIC Raspberry\USART PIC Raspberry.asm
               PantallaRX   0x0003ed    program     static C:\Users\tiafa\Desktop\USART PIC Raspberry\USART PIC Raspberry.asm
                ParteAlta   0x0004cd    program     static C:\Users\tiafa\Desktop\USART PIC Raspberry\USART PIC Raspberry.asm
                ParteBaja   0x000459    program     static C:\Users\tiafa\Desktop\USART PIC Raspberry\USART PIC Raspberry.asm
            Primerletrero   0x0003aa    program     static C:\Users\tiafa\Desktop\USART PIC Raspberry\USART PIC Raspberry.asm
         Regresa_de_USART   0x000050    program     static C:\Users\tiafa\Desktop\USART PIC Raspberry\USART PIC Raspberry.asm
        Resta11CalVoltaje   0x00012e    program     static C:\Users\tiafa\Desktop\USART PIC Raspberry\USART PIC Raspberry.asm
      Resta18CalCorriente   0x0000c0    program     static C:\Users\tiafa\Desktop\USART PIC Raspberry\USART PIC Raspberry.asm
       Resta4CalCorriente   0x0000a8    program     static C:\Users\tiafa\Desktop\USART PIC Raspberry\USART PIC Raspberry.asm
         Resta4CalVoltaje   0x000116    program     static C:\Users\tiafa\Desktop\USART PIC Raspberry\USART PIC Raspberry.asm
         Resta8CalVoltaje   0x000122    program     static C:\Users\tiafa\Desktop\USART PIC Raspberry\USART PIC Raspberry.asm
       Resta9CalCorriente   0x0000b4    program     static C:\Users\tiafa\Desktop\USART PIC Raspberry\USART PIC Raspberry.asm
                 Retardos   0x000541    program     static C:\Users\tiafa\Desktop\USART PIC Raspberry\USART PIC Raspberry.asm
    Sig_Resta11CalVoltaje   0x000130    program     static C:\Users\tiafa\Desktop\USART PIC Raspberry\USART PIC Raspberry.asm
  Sig_Resta18CalCorriente   0x0000c2    program     static C:\Users\tiafa\Desktop\USART PIC Raspberry\USART PIC Raspberry.asm
   Sig_Resta4CalCorriente   0x0000aa    program     static C:\Users\tiafa\Desktop\USART PIC Raspberry\USART PIC Raspberry.asm
     Sig_Resta4CalVoltaje   0x000118    program     static C:\Users\tiafa\Desktop\USART PIC Raspberry\USART PIC Raspberry.asm
     Sig_Resta8CalVoltaje   0x000124    program     static C:\Users\tiafa\Desktop\USART PIC Raspberry\USART PIC Raspberry.asm
   Sig_Resta9CalCorriente   0x0000b6    program     static C:\Users\tiafa\Desktop\USART PIC Raspberry\USART PIC Raspberry.asm
             SubRutAjuste   0x000353    program     static C:\Users\tiafa\Desktop\USART PIC Raspberry\USART PIC Raspberry.asm
             Tx_Protocolo   0x000031    program     static C:\Users\tiafa\Desktop\USART PIC Raspberry\USART PIC Raspberry.asm
           acarreoDecimal   0x000298    program     static C:\Users\tiafa\Desktop\USART PIC Raspberry\USART PIC Raspberry.asm
       acarreoFraccionCen   0x0002c4    program     static C:\Users\tiafa\Desktop\USART PIC Raspberry\USART PIC Raspberry.asm
       acarreoFraccionDec   0x0002f0    program     static C:\Users\tiafa\Desktop\USART PIC Raspberry\USART PIC Raspberry.asm
       acarreoFraccionUni   0x00031c    program     static C:\Users\tiafa\Desktop\USART PIC Raspberry\USART PIC Raspberry.asm
        acarreoVentilador   0x0001a0    program     static C:\Users\tiafa\Desktop\USART PIC Raspberry\USART PIC Raspberry.asm
          apagaVentilador   0x0001af    program     static C:\Users\tiafa\Desktop\USART PIC Raspberry\USART PIC Raspberry.asm
                  bit9es1   0x000358    program     static C:\Users\tiafa\Desktop\USART PIC Raspberry\USART PIC Raspberry.asm
           calculaDecimal   0x000292    program     static C:\Users\tiafa\Desktop\USART PIC Raspberry\USART PIC Raspberry.asm
       calculaFraccionCen   0x0002be    program     static C:\Users\tiafa\Desktop\USART PIC Raspberry\USART PIC Raspberry.asm
       calculaFraccionDec   0x0002ea    program     static C:\Users\tiafa\Desktop\USART PIC Raspberry\USART PIC Raspberry.asm
       calculaFraccionUni   0x000316    program     static C:\Users\tiafa\Desktop\USART PIC Raspberry\USART PIC Raspberry.asm
                   carga0   0x00049d    program     static C:\Users\tiafa\Desktop\USART PIC Raspberry\USART PIC Raspberry.asm
                  carga00   0x000511    program     static C:\Users\tiafa\Desktop\USART PIC Raspberry\USART PIC Raspberry.asm
                  carga01   0x000514    program     static C:\Users\tiafa\Desktop\USART PIC Raspberry\USART PIC Raspberry.asm
                  carga02   0x000517    program     static C:\Users\tiafa\Desktop\USART PIC Raspberry\USART PIC Raspberry.asm
                  carga03   0x00051a    program     static C:\Users\tiafa\Desktop\USART PIC Raspberry\USART PIC Raspberry.asm
                  carga04   0x00051d    program     static C:\Users\tiafa\Desktop\USART PIC Raspberry\USART PIC Raspberry.asm
                  carga05   0x000520    program     static C:\Users\tiafa\Desktop\USART PIC Raspberry\USART PIC Raspberry.asm
                  carga06   0x000523    program     static C:\Users\tiafa\Desktop\USART PIC Raspberry\USART PIC Raspberry.asm
                  carga07   0x000526    program     static C:\Users\tiafa\Desktop\USART PIC Raspberry\USART PIC Raspberry.asm
                  carga08   0x000529    program     static C:\Users\tiafa\Desktop\USART PIC Raspberry\USART PIC Raspberry.asm
                  carga09   0x00052c    program     static C:\Users\tiafa\Desktop\USART PIC Raspberry\USART PIC Raspberry.asm
                  carga0a   0x00052f    program     static C:\Users\tiafa\Desktop\USART PIC Raspberry\USART PIC Raspberry.asm
                  carga0b   0x000532    program     static C:\Users\tiafa\Desktop\USART PIC Raspberry\USART PIC Raspberry.asm
                  carga0c   0x000535    program     static C:\Users\tiafa\Desktop\USART PIC Raspberry\USART PIC Raspberry.asm
                  carga0d   0x000538    program     static C:\Users\tiafa\Desktop\USART PIC Raspberry\USART PIC Raspberry.asm
                  carga0e   0x00053b    program     static C:\Users\tiafa\Desktop\USART PIC Raspberry\USART PIC Raspberry.asm
                  carga0f   0x00053e    program     static C:\Users\tiafa\Desktop\USART PIC Raspberry\USART PIC Raspberry.asm
                   carga1   0x0004a0    program     static C:\Users\tiafa\Desktop\USART PIC Raspberry\USART PIC Raspberry.asm
                   carga2   0x0004a3    program     static C:\Users\tiafa\Desktop\USART PIC Raspberry\USART PIC Raspberry.asm
                   carga3   0x0004a6    program     static C:\Users\tiafa\Desktop\USART PIC Raspberry\USART PIC Raspberry.asm
                   carga4   0x0004a9    program     static C:\Users\tiafa\Desktop\USART PIC Raspberry\USART PIC Raspberry.asm
                   carga5   0x0004ac    program     static C:\Users\tiafa\Desktop\USART PIC Raspberry\USART PIC Raspberry.asm
                   carga6   0x0004af    program     static C:\Users\tiafa\Desktop\USART PIC Raspberry\USART PIC Raspberry.asm
                   carga7   0x0004b2    program     static C:\Users\tiafa\Desktop\USART PIC Raspberry\USART PIC Raspberry.asm
                   carga8   0x0004b5    program     static C:\Users\tiafa\Desktop\USART PIC Raspberry\USART PIC Raspberry.asm
                   carga9   0x0004b8    program     static C:\Users\tiafa\Desktop\USART PIC Raspberry\USART PIC Raspberry.asm
                   cargaa   0x0004bb    program     static C:\Users\tiafa\Desktop\USART PIC Raspberry\USART PIC Raspberry.asm
                   cargab   0x0004be    program     static C:\Users\tiafa\Desktop\USART PIC Raspberry\USART PIC Raspberry.asm
                   cargac   0x0004c1    program     static C:\Users\tiafa\Desktop\USART PIC Raspberry\USART PIC Raspberry.asm
                   cargad   0x0004c4    program     static C:\Users\tiafa\Desktop\USART PIC Raspberry\USART PIC Raspberry.asm
                   cargae   0x0004c7    program     static C:\Users\tiafa\Desktop\USART PIC Raspberry\USART PIC Raspberry.asm
                   cargaf   0x0004ca    program     static C:\Users\tiafa\Desktop\USART PIC Raspberry\USART PIC Raspberry.asm
               cicloMulti   0x000348    program     static C:\Users\tiafa\Desktop\USART PIC Raspberry\USART PIC Raspberry.asm
                  ciclo_1   0x000557    program     static C:\Users\tiafa\Desktop\USART PIC Raspberry\USART PIC Raspberry.asm
                  ciclo_2   0x000555    program     static C:\Users\tiafa\Desktop\USART PIC Raspberry\USART PIC Raspberry.asm
                  ciclo_3   0x000553    program     static C:\Users\tiafa\Desktop\USART PIC Raspberry\USART PIC Raspberry.asm
                 ciclos_1   0x000564    program     static C:\Users\tiafa\Desktop\USART PIC Raspberry\USART PIC Raspberry.asm
                 ciclos_2   0x000562    program     static C:\Users\tiafa\Desktop\USART PIC Raspberry\USART PIC Raspberry.asm
                 ciclos_3   0x000560    program     static C:\Users\tiafa\Desktop\USART PIC Raspberry\USART PIC Raspberry.asm
continua_Resta11CalVoltaje   0x000137    program     static C:\Users\tiafa\Desktop\USART PIC Raspberry\USART PIC Raspberry.asm
continua_Resta18CalCorriente   0x0000c9    program     static C:\Users\tiafa\Desktop\USART PIC Raspberry\USART PIC Raspberry.asm
continua_Resta4CalCorriente   0x0000b1    program     static C:\Users\tiafa\Desktop\USART PIC Raspberry\USART PIC Raspberry.asm
continua_Resta4CalVoltaje   0x00011f    program     static C:\Users\tiafa\Desktop\USART PIC Raspberry\USART PIC Raspberry.asm
continua_Resta8CalVoltaje   0x00012b    program     static C:\Users\tiafa\Desktop\USART PIC Raspberry\USART PIC Raspberry.asm
continua_Resta9CalCorriente   0x0000bd    program     static C:\Users\tiafa\Desktop\USART PIC Raspberry\USART PIC Raspberry.asm
              convBINaBCD   0x000279    program     static C:\Users\tiafa\Desktop\USART PIC Raspberry\USART PIC Raspberry.asm
decrementa_adcalto_Resta11CalVol   0x000136    program     static C:\Users\tiafa\Desktop\USART PIC Raspberry\USART PIC Raspberry.asm
decrementa_adcalto_Resta18CalCor   0x0000c8    program     static C:\Users\tiafa\Desktop\USART PIC Raspberry\USART PIC Raspberry.asm
decrementa_adcalto_Resta4CalCorr   0x0000b0    program     static C:\Users\tiafa\Desktop\USART PIC Raspberry\USART PIC Raspberry.asm
decrementa_adcalto_Resta4CalVolt   0x00011e    program     static C:\Users\tiafa\Desktop\USART PIC Raspberry\USART PIC Raspberry.asm
decrementa_adcalto_Resta8CalVolt   0x00012a    program     static C:\Users\tiafa\Desktop\USART PIC Raspberry\USART PIC Raspberry.asm
decrementa_adcalto_Resta9CalCorr   0x0000bc    program     static C:\Users\tiafa\Desktop\USART PIC Raspberry\USART PIC Raspberry.asm
                  display   0x000212    program     static C:\Users\tiafa\Desktop\USART PIC Raspberry\USART PIC Raspberry.asm
             div_entre_10   0x00027d    program     static C:\Users\tiafa\Desktop\USART PIC Raspberry\USART PIC Raspberry.asm
            div_entre_100   0x000435    program     static C:\Users\tiafa\Desktop\USART PIC Raspberry\USART PIC Raspberry.asm
         div_entre_10_BCD   0x000442    program     static C:\Users\tiafa\Desktop\USART PIC Raspberry\USART PIC Raspberry.asm
       encenderVentilador   0x0001ad    program     static C:\Users\tiafa\Desktop\USART PIC Raspberry\USART PIC Raspberry.asm
      esperaCorrienteADCs   0x000090    program     static C:\Users\tiafa\Desktop\USART PIC Raspberry\USART PIC Raspberry.asm
    esperaTemperaturaADCs   0x000171    program     static C:\Users\tiafa\Desktop\USART PIC Raspberry\USART PIC Raspberry.asm
        esperaVoltajeADCs   0x0000fe    program     static C:\Users\tiafa\Desktop\USART PIC Raspberry\USART PIC Raspberry.asm
            finconversion   0x00028b    program     static C:\Users\tiafa\Desktop\USART PIC Raspberry\USART PIC Raspberry.asm
         finconversionBCD   0x000450    program     static C:\Users\tiafa\Desktop\USART PIC Raspberry\USART PIC Raspberry.asm
      incremetaEnteroAlto   0x0002b0    program     static C:\Users\tiafa\Desktop\USART PIC Raspberry\USART PIC Raspberry.asm
 incremetaFraccionCenAlto   0x0002dc    program     static C:\Users\tiafa\Desktop\USART PIC Raspberry\USART PIC Raspberry.asm
 incremetaFraccionDecAlto   0x000308    program     static C:\Users\tiafa\Desktop\USART PIC Raspberry\USART PIC Raspberry.asm
 incremetaFraccionUniAlto   0x000334    program     static C:\Users\tiafa\Desktop\USART PIC Raspberry\USART PIC Raspberry.asm
       incremetaVoltsAlto   0x00034d    program     static C:\Users\tiafa\Desktop\USART PIC Raspberry\USART PIC Raspberry.asm
               interserie   0x00001b    program     static C:\Users\tiafa\Desktop\USART PIC Raspberry\USART PIC Raspberry.asm
        letreroBienvenida   0x000367    program     static C:\Users\tiafa\Desktop\USART PIC Raspberry\USART PIC Raspberry.asm
             modocaracter   0x0001d1    program     static C:\Users\tiafa\Desktop\USART PIC Raspberry\USART PIC Raspberry.asm
               modoinstru   0x0001c3    program     static C:\Users\tiafa\Desktop\USART PIC Raspberry\USART PIC Raspberry.asm
        multiplicaDecimal   0x0002bd    program     static C:\Users\tiafa\Desktop\USART PIC Raspberry\USART PIC Raspberry.asm
    multiplicaFraccionCen   0x0002e9    program     static C:\Users\tiafa\Desktop\USART PIC Raspberry\USART PIC Raspberry.asm
    multiplicaFraccionDec   0x000315    program     static C:\Users\tiafa\Desktop\USART PIC Raspberry\USART PIC Raspberry.asm
                 negativo   0x000282    program     static C:\Users\tiafa\Desktop\USART PIC Raspberry\USART PIC Raspberry.asm
              negativo_10   0x000447    program     static C:\Users\tiafa\Desktop\USART PIC Raspberry\USART PIC Raspberry.asm
             negativo_100   0x00043a    program     static C:\Users\tiafa\Desktop\USART PIC Raspberry\USART PIC Raspberry.asm
             restaDecimal   0x0002a5    program     static C:\Users\tiafa\Desktop\USART PIC Raspberry\USART PIC Raspberry.asm
         restaFraccionCen   0x0002d1    program     static C:\Users\tiafa\Desktop\USART PIC Raspberry\USART PIC Raspberry.asm
         restaFraccionDec   0x0002fd    program     static C:\Users\tiafa\Desktop\USART PIC Raspberry\USART PIC Raspberry.asm
         restaFraccionUni   0x000329    program     static C:\Users\tiafa\Desktop\USART PIC Raspberry\USART PIC Raspberry.asm
          restaVentilador   0x0001a6    program     static C:\Users\tiafa\Desktop\USART PIC Raspberry\USART PIC Raspberry.asm
 restableceadcaltoDecimal   0x0002a3    program     static C:\Users\tiafa\Desktop\USART PIC Raspberry\USART PIC Raspberry.asm
restableceadcaltoFraccionCen   0x0002cf    program     static C:\Users\tiafa\Desktop\USART PIC Raspberry\USART PIC Raspberry.asm
restableceadcaltoFraccionDec   0x0002fb    program     static C:\Users\tiafa\Desktop\USART PIC Raspberry\USART PIC Raspberry.asm
restableceadcaltoFraccionUni   0x000327    program     static C:\Users\tiafa\Desktop\USART PIC Raspberry\USART PIC Raspberry.asm
 resultadonegativoDecimal   0x0002ab    program     static C:\Users\tiafa\Desktop\USART PIC Raspberry\USART PIC Raspberry.asm
resultadonegativoFraccionCen   0x0002d7    program     static C:\Users\tiafa\Desktop\USART PIC Raspberry\USART PIC Raspberry.asm
resultadonegativoFraccionDec   0x000303    program     static C:\Users\tiafa\Desktop\USART PIC Raspberry\USART PIC Raspberry.asm
resultadonegativoFraccionUni   0x00032f    program     static C:\Users\tiafa\Desktop\USART PIC Raspberry\USART PIC Raspberry.asm
 resultadopositivoDecimal   0x0002b4    program     static C:\Users\tiafa\Desktop\USART PIC Raspberry\USART PIC Raspberry.asm
resultadopositivoFraccionCen   0x0002e0    program     static C:\Users\tiafa\Desktop\USART PIC Raspberry\USART PIC Raspberry.asm
resultadopositivoFraccionDec   0x00030c    program     static C:\Users\tiafa\Desktop\USART PIC Raspberry\USART PIC Raspberry.asm
resultadopositivoFraccionUni   0x000338    program     static C:\Users\tiafa\Desktop\USART PIC Raspberry\USART PIC Raspberry.asm
                   ret1_1   0x000545    program     static C:\Users\tiafa\Desktop\USART PIC Raspberry\USART PIC Raspberry.asm
                   ret1_2   0x000543    program     static C:\Users\tiafa\Desktop\USART PIC Raspberry\USART PIC Raspberry.asm
                   ret1_3   0x000541    program     static C:\Users\tiafa\Desktop\USART PIC Raspberry\USART PIC Raspberry.asm
                   ret2_1   0x00054e    program     static C:\Users\tiafa\Desktop\USART PIC Raspberry\USART PIC Raspberry.asm
              retardoXseg   0x00055e    program     static C:\Users\tiafa\Desktop\USART PIC Raspberry\USART PIC Raspberry.asm
             retardounseg   0x000551    program     static C:\Users\tiafa\Desktop\USART PIC Raspberry\USART PIC Raspberry.asm
                 sigresta   0x000286    program     static C:\Users\tiafa\Desktop\USART PIC Raspberry\USART PIC Raspberry.asm
              sigrestaBCD   0x00044b    program     static C:\Users\tiafa\Desktop\USART PIC Raspberry\USART PIC Raspberry.asm
              sigrestaCen   0x00043d    program     static C:\Users\tiafa\Desktop\USART PIC Raspberry\USART PIC Raspberry.asm
          sumarEnteroalta   0x0002b1    program     static C:\Users\tiafa\Desktop\USART PIC Raspberry\USART PIC Raspberry.asm
     sumarFraccionCenalta   0x0002dd    program     static C:\Users\tiafa\Desktop\USART PIC Raspberry\USART PIC Raspberry.asm
     sumarFraccionDecalta   0x000309    program     static C:\Users\tiafa\Desktop\USART PIC Raspberry\USART PIC Raspberry.asm
     sumarFraccionUnialta   0x000335    program     static C:\Users\tiafa\Desktop\USART PIC Raspberry\USART PIC Raspberry.asm
           sumarpartealta   0x00034e    program     static C:\Users\tiafa\Desktop\USART PIC Raspberry\USART PIC Raspberry.asm
             temp10micros   0x00054c    program     static C:\Users\tiafa\Desktop\USART PIC Raspberry\USART PIC Raspberry.asm
           terminaDecimal   0x00029e    program     static C:\Users\tiafa\Desktop\USART PIC Raspberry\USART PIC Raspberry.asm
       terminaFraccionCen   0x0002ca    program     static C:\Users\tiafa\Desktop\USART PIC Raspberry\USART PIC Raspberry.asm
       terminaFraccionDec   0x0002f6    program     static C:\Users\tiafa\Desktop\USART PIC Raspberry\USART PIC Raspberry.asm
       terminaFraccionUni   0x000322    program     static C:\Users\tiafa\Desktop\USART PIC Raspberry\USART PIC Raspberry.asm
            terminociclo?   0x000350    program     static C:\Users\tiafa\Desktop\USART PIC Raspberry\USART PIC Raspberry.asm
                transmite   0x00056b    program     static C:\Users\tiafa\Desktop\USART PIC Raspberry\USART PIC Raspberry.asm
                 txespera   0x000576    program     static C:\Users\tiafa\Desktop\USART PIC Raspberry\USART PIC Raspberry.asm



                              Symbols - Sorted by Address
                     Name    Address   Location    Storage File                     
                ---------  ---------  ---------  --------- ---------                
              ADCinterrup   0x00000b    program     static C:\Users\tiafa\Desktop\USART PIC Raspberry\USART PIC Raspberry.asm
               interserie   0x00001b    program     static C:\Users\tiafa\Desktop\USART PIC Raspberry\USART PIC Raspberry.asm
             Tx_Protocolo   0x000031    program     static C:\Users\tiafa\Desktop\USART PIC Raspberry\USART PIC Raspberry.asm
         Regresa_de_USART   0x000050    program     static C:\Users\tiafa\Desktop\USART PIC Raspberry\USART PIC Raspberry.asm
               IniProgMed   0x000053    program     static C:\Users\tiafa\Desktop\USART PIC Raspberry\USART PIC Raspberry.asm
           MedirCorriente   0x000087    program     static C:\Users\tiafa\Desktop\USART PIC Raspberry\USART PIC Raspberry.asm
      esperaCorrienteADCs   0x000090    program     static C:\Users\tiafa\Desktop\USART PIC Raspberry\USART PIC Raspberry.asm
       Resta4CalCorriente   0x0000a8    program     static C:\Users\tiafa\Desktop\USART PIC Raspberry\USART PIC Raspberry.asm
   Sig_Resta4CalCorriente   0x0000aa    program     static C:\Users\tiafa\Desktop\USART PIC Raspberry\USART PIC Raspberry.asm
decrementa_adcalto_Resta4CalCorr   0x0000b0    program     static C:\Users\tiafa\Desktop\USART PIC Raspberry\USART PIC Raspberry.asm
continua_Resta4CalCorriente   0x0000b1    program     static C:\Users\tiafa\Desktop\USART PIC Raspberry\USART PIC Raspberry.asm
       Resta9CalCorriente   0x0000b4    program     static C:\Users\tiafa\Desktop\USART PIC Raspberry\USART PIC Raspberry.asm
   Sig_Resta9CalCorriente   0x0000b6    program     static C:\Users\tiafa\Desktop\USART PIC Raspberry\USART PIC Raspberry.asm
decrementa_adcalto_Resta9CalCorr   0x0000bc    program     static C:\Users\tiafa\Desktop\USART PIC Raspberry\USART PIC Raspberry.asm
continua_Resta9CalCorriente   0x0000bd    program     static C:\Users\tiafa\Desktop\USART PIC Raspberry\USART PIC Raspberry.asm
      Resta18CalCorriente   0x0000c0    program     static C:\Users\tiafa\Desktop\USART PIC Raspberry\USART PIC Raspberry.asm
  Sig_Resta18CalCorriente   0x0000c2    program     static C:\Users\tiafa\Desktop\USART PIC Raspberry\USART PIC Raspberry.asm
decrementa_adcalto_Resta18CalCor   0x0000c8    program     static C:\Users\tiafa\Desktop\USART PIC Raspberry\USART PIC Raspberry.asm
continua_Resta18CalCorriente   0x0000c9    program     static C:\Users\tiafa\Desktop\USART PIC Raspberry\USART PIC Raspberry.asm
         ContCalCorriente   0x0000cc    program     static C:\Users\tiafa\Desktop\USART PIC Raspberry\USART PIC Raspberry.asm
             MedirVoltaje   0x0000f5    program     static C:\Users\tiafa\Desktop\USART PIC Raspberry\USART PIC Raspberry.asm
        esperaVoltajeADCs   0x0000fe    program     static C:\Users\tiafa\Desktop\USART PIC Raspberry\USART PIC Raspberry.asm
         Resta4CalVoltaje   0x000116    program     static C:\Users\tiafa\Desktop\USART PIC Raspberry\USART PIC Raspberry.asm
     Sig_Resta4CalVoltaje   0x000118    program     static C:\Users\tiafa\Desktop\USART PIC Raspberry\USART PIC Raspberry.asm
decrementa_adcalto_Resta4CalVolt   0x00011e    program     static C:\Users\tiafa\Desktop\USART PIC Raspberry\USART PIC Raspberry.asm
continua_Resta4CalVoltaje   0x00011f    program     static C:\Users\tiafa\Desktop\USART PIC Raspberry\USART PIC Raspberry.asm
         Resta8CalVoltaje   0x000122    program     static C:\Users\tiafa\Desktop\USART PIC Raspberry\USART PIC Raspberry.asm
     Sig_Resta8CalVoltaje   0x000124    program     static C:\Users\tiafa\Desktop\USART PIC Raspberry\USART PIC Raspberry.asm
decrementa_adcalto_Resta8CalVolt   0x00012a    program     static C:\Users\tiafa\Desktop\USART PIC Raspberry\USART PIC Raspberry.asm
continua_Resta8CalVoltaje   0x00012b    program     static C:\Users\tiafa\Desktop\USART PIC Raspberry\USART PIC Raspberry.asm
        Resta11CalVoltaje   0x00012e    program     static C:\Users\tiafa\Desktop\USART PIC Raspberry\USART PIC Raspberry.asm
    Sig_Resta11CalVoltaje   0x000130    program     static C:\Users\tiafa\Desktop\USART PIC Raspberry\USART PIC Raspberry.asm
decrementa_adcalto_Resta11CalVol   0x000136    program     static C:\Users\tiafa\Desktop\USART PIC Raspberry\USART PIC Raspberry.asm
continua_Resta11CalVoltaje   0x000137    program     static C:\Users\tiafa\Desktop\USART PIC Raspberry\USART PIC Raspberry.asm
           ContCalVoltaje   0x00013a    program     static C:\Users\tiafa\Desktop\USART PIC Raspberry\USART PIC Raspberry.asm
         MedirTemperatura   0x000168    program     static C:\Users\tiafa\Desktop\USART PIC Raspberry\USART PIC Raspberry.asm
    esperaTemperaturaADCs   0x000171    program     static C:\Users\tiafa\Desktop\USART PIC Raspberry\USART PIC Raspberry.asm
Apaga_Enciende_Ventilador   0x000197    program     static C:\Users\tiafa\Desktop\USART PIC Raspberry\USART PIC Raspberry.asm
        acarreoVentilador   0x0001a0    program     static C:\Users\tiafa\Desktop\USART PIC Raspberry\USART PIC Raspberry.asm
          restaVentilador   0x0001a6    program     static C:\Users\tiafa\Desktop\USART PIC Raspberry\USART PIC Raspberry.asm
       encenderVentilador   0x0001ad    program     static C:\Users\tiafa\Desktop\USART PIC Raspberry\USART PIC Raspberry.asm
          apagaVentilador   0x0001af    program     static C:\Users\tiafa\Desktop\USART PIC Raspberry\USART PIC Raspberry.asm
                ConfigADC   0x0001b1    program     static C:\Users\tiafa\Desktop\USART PIC Raspberry\USART PIC Raspberry.asm
               modoinstru   0x0001c3    program     static C:\Users\tiafa\Desktop\USART PIC Raspberry\USART PIC Raspberry.asm
             modocaracter   0x0001d1    program     static C:\Users\tiafa\Desktop\USART PIC Raspberry\USART PIC Raspberry.asm
         IniciaDisplayLCD   0x0001e0    program     static C:\Users\tiafa\Desktop\USART PIC Raspberry\USART PIC Raspberry.asm
                  display   0x000212    program     static C:\Users\tiafa\Desktop\USART PIC Raspberry\USART PIC Raspberry.asm
              convBINaBCD   0x000279    program     static C:\Users\tiafa\Desktop\USART PIC Raspberry\USART PIC Raspberry.asm
             div_entre_10   0x00027d    program     static C:\Users\tiafa\Desktop\USART PIC Raspberry\USART PIC Raspberry.asm
                 negativo   0x000282    program     static C:\Users\tiafa\Desktop\USART PIC Raspberry\USART PIC Raspberry.asm
                 sigresta   0x000286    program     static C:\Users\tiafa\Desktop\USART PIC Raspberry\USART PIC Raspberry.asm
            finconversion   0x00028b    program     static C:\Users\tiafa\Desktop\USART PIC Raspberry\USART PIC Raspberry.asm
         DivisionCalculos   0x00028c    program     static C:\Users\tiafa\Desktop\USART PIC Raspberry\USART PIC Raspberry.asm
           calculaDecimal   0x000292    program     static C:\Users\tiafa\Desktop\USART PIC Raspberry\USART PIC Raspberry.asm
           acarreoDecimal   0x000298    program     static C:\Users\tiafa\Desktop\USART PIC Raspberry\USART PIC Raspberry.asm
           terminaDecimal   0x00029e    program     static C:\Users\tiafa\Desktop\USART PIC Raspberry\USART PIC Raspberry.asm
 restableceadcaltoDecimal   0x0002a3    program     static C:\Users\tiafa\Desktop\USART PIC Raspberry\USART PIC Raspberry.asm
             restaDecimal   0x0002a5    program     static C:\Users\tiafa\Desktop\USART PIC Raspberry\USART PIC Raspberry.asm
 resultadonegativoDecimal   0x0002ab    program     static C:\Users\tiafa\Desktop\USART PIC Raspberry\USART PIC Raspberry.asm
      incremetaEnteroAlto   0x0002b0    program     static C:\Users\tiafa\Desktop\USART PIC Raspberry\USART PIC Raspberry.asm
          sumarEnteroalta   0x0002b1    program     static C:\Users\tiafa\Desktop\USART PIC Raspberry\USART PIC Raspberry.asm
 resultadopositivoDecimal   0x0002b4    program     static C:\Users\tiafa\Desktop\USART PIC Raspberry\USART PIC Raspberry.asm
        multiplicaDecimal   0x0002bd    program     static C:\Users\tiafa\Desktop\USART PIC Raspberry\USART PIC Raspberry.asm
       calculaFraccionCen   0x0002be    program     static C:\Users\tiafa\Desktop\USART PIC Raspberry\USART PIC Raspberry.asm
       acarreoFraccionCen   0x0002c4    program     static C:\Users\tiafa\Desktop\USART PIC Raspberry\USART PIC Raspberry.asm
       terminaFraccionCen   0x0002ca    program     static C:\Users\tiafa\Desktop\USART PIC Raspberry\USART PIC Raspberry.asm
restableceadcaltoFraccionCen   0x0002cf    program     static C:\Users\tiafa\Desktop\USART PIC Raspberry\USART PIC Raspberry.asm
         restaFraccionCen   0x0002d1    program     static C:\Users\tiafa\Desktop\USART PIC Raspberry\USART PIC Raspberry.asm
resultadonegativoFraccionCen   0x0002d7    program     static C:\Users\tiafa\Desktop\USART PIC Raspberry\USART PIC Raspberry.asm
 incremetaFraccionCenAlto   0x0002dc    program     static C:\Users\tiafa\Desktop\USART PIC Raspberry\USART PIC Raspberry.asm
     sumarFraccionCenalta   0x0002dd    program     static C:\Users\tiafa\Desktop\USART PIC Raspberry\USART PIC Raspberry.asm
resultadopositivoFraccionCen   0x0002e0    program     static C:\Users\tiafa\Desktop\USART PIC Raspberry\USART PIC Raspberry.asm
    multiplicaFraccionCen   0x0002e9    program     static C:\Users\tiafa\Desktop\USART PIC Raspberry\USART PIC Raspberry.asm
       calculaFraccionDec   0x0002ea    program     static C:\Users\tiafa\Desktop\USART PIC Raspberry\USART PIC Raspberry.asm
       acarreoFraccionDec   0x0002f0    program     static C:\Users\tiafa\Desktop\USART PIC Raspberry\USART PIC Raspberry.asm
       terminaFraccionDec   0x0002f6    program     static C:\Users\tiafa\Desktop\USART PIC Raspberry\USART PIC Raspberry.asm
restableceadcaltoFraccionDec   0x0002fb    program     static C:\Users\tiafa\Desktop\USART PIC Raspberry\USART PIC Raspberry.asm
         restaFraccionDec   0x0002fd    program     static C:\Users\tiafa\Desktop\USART PIC Raspberry\USART PIC Raspberry.asm
resultadonegativoFraccionDec   0x000303    program     static C:\Users\tiafa\Desktop\USART PIC Raspberry\USART PIC Raspberry.asm
 incremetaFraccionDecAlto   0x000308    program     static C:\Users\tiafa\Desktop\USART PIC Raspberry\USART PIC Raspberry.asm
     sumarFraccionDecalta   0x000309    program     static C:\Users\tiafa\Desktop\USART PIC Raspberry\USART PIC Raspberry.asm
resultadopositivoFraccionDec   0x00030c    program     static C:\Users\tiafa\Desktop\USART PIC Raspberry\USART PIC Raspberry.asm
    multiplicaFraccionDec   0x000315    program     static C:\Users\tiafa\Desktop\USART PIC Raspberry\USART PIC Raspberry.asm
       calculaFraccionUni   0x000316    program     static C:\Users\tiafa\Desktop\USART PIC Raspberry\USART PIC Raspberry.asm
       acarreoFraccionUni   0x00031c    program     static C:\Users\tiafa\Desktop\USART PIC Raspberry\USART PIC Raspberry.asm
       terminaFraccionUni   0x000322    program     static C:\Users\tiafa\Desktop\USART PIC Raspberry\USART PIC Raspberry.asm
restableceadcaltoFraccionUni   0x000327    program     static C:\Users\tiafa\Desktop\USART PIC Raspberry\USART PIC Raspberry.asm
         restaFraccionUni   0x000329    program     static C:\Users\tiafa\Desktop\USART PIC Raspberry\USART PIC Raspberry.asm
resultadonegativoFraccionUni   0x00032f    program     static C:\Users\tiafa\Desktop\USART PIC Raspberry\USART PIC Raspberry.asm
 incremetaFraccionUniAlto   0x000334    program     static C:\Users\tiafa\Desktop\USART PIC Raspberry\USART PIC Raspberry.asm
     sumarFraccionUnialta   0x000335    program     static C:\Users\tiafa\Desktop\USART PIC Raspberry\USART PIC Raspberry.asm
resultadopositivoFraccionUni   0x000338    program     static C:\Users\tiafa\Desktop\USART PIC Raspberry\USART PIC Raspberry.asm
   MultiplicacionCalculos   0x000342    program     static C:\Users\tiafa\Desktop\USART PIC Raspberry\USART PIC Raspberry.asm
               cicloMulti   0x000348    program     static C:\Users\tiafa\Desktop\USART PIC Raspberry\USART PIC Raspberry.asm
       incremetaVoltsAlto   0x00034d    program     static C:\Users\tiafa\Desktop\USART PIC Raspberry\USART PIC Raspberry.asm
           sumarpartealta   0x00034e    program     static C:\Users\tiafa\Desktop\USART PIC Raspberry\USART PIC Raspberry.asm
            terminociclo?   0x000350    program     static C:\Users\tiafa\Desktop\USART PIC Raspberry\USART PIC Raspberry.asm
             SubRutAjuste   0x000353    program     static C:\Users\tiafa\Desktop\USART PIC Raspberry\USART PIC Raspberry.asm
                  bit9es1   0x000358    program     static C:\Users\tiafa\Desktop\USART PIC Raspberry\USART PIC Raspberry.asm
            Bit9_10_son_0   0x00035b    program     static C:\Users\tiafa\Desktop\USART PIC Raspberry\USART PIC Raspberry.asm
     Bit9_es_1_Bit10_es_0   0x00035e    program     static C:\Users\tiafa\Desktop\USART PIC Raspberry\USART PIC Raspberry.asm
     Bit9_es_0_Bit10_es_1   0x000361    program     static C:\Users\tiafa\Desktop\USART PIC Raspberry\USART PIC Raspberry.asm
            Bit9_10_son_1   0x000364    program     static C:\Users\tiafa\Desktop\USART PIC Raspberry\USART PIC Raspberry.asm
        letreroBienvenida   0x000367    program     static C:\Users\tiafa\Desktop\USART PIC Raspberry\USART PIC Raspberry.asm
            Primerletrero   0x0003aa    program     static C:\Users\tiafa\Desktop\USART PIC Raspberry\USART PIC Raspberry.asm
               PantallaRX   0x0003ed    program     static C:\Users\tiafa\Desktop\USART PIC Raspberry\USART PIC Raspberry.asm
             CONV_BINaBCD   0x000430    program     static C:\Users\tiafa\Desktop\USART PIC Raspberry\USART PIC Raspberry.asm
            div_entre_100   0x000435    program     static C:\Users\tiafa\Desktop\USART PIC Raspberry\USART PIC Raspberry.asm
             negativo_100   0x00043a    program     static C:\Users\tiafa\Desktop\USART PIC Raspberry\USART PIC Raspberry.asm
              sigrestaCen   0x00043d    program     static C:\Users\tiafa\Desktop\USART PIC Raspberry\USART PIC Raspberry.asm
         div_entre_10_BCD   0x000442    program     static C:\Users\tiafa\Desktop\USART PIC Raspberry\USART PIC Raspberry.asm
              negativo_10   0x000447    program     static C:\Users\tiafa\Desktop\USART PIC Raspberry\USART PIC Raspberry.asm
              sigrestaBCD   0x00044b    program     static C:\Users\tiafa\Desktop\USART PIC Raspberry\USART PIC Raspberry.asm
         finconversionBCD   0x000450    program     static C:\Users\tiafa\Desktop\USART PIC Raspberry\USART PIC Raspberry.asm
             CONV_BINaHEX   0x000455    program     static C:\Users\tiafa\Desktop\USART PIC Raspberry\USART PIC Raspberry.asm
                ParteBaja   0x000459    program     static C:\Users\tiafa\Desktop\USART PIC Raspberry\USART PIC Raspberry.asm
                   carga0   0x00049d    program     static C:\Users\tiafa\Desktop\USART PIC Raspberry\USART PIC Raspberry.asm
                   carga1   0x0004a0    program     static C:\Users\tiafa\Desktop\USART PIC Raspberry\USART PIC Raspberry.asm
                   carga2   0x0004a3    program     static C:\Users\tiafa\Desktop\USART PIC Raspberry\USART PIC Raspberry.asm
                   carga3   0x0004a6    program     static C:\Users\tiafa\Desktop\USART PIC Raspberry\USART PIC Raspberry.asm
                   carga4   0x0004a9    program     static C:\Users\tiafa\Desktop\USART PIC Raspberry\USART PIC Raspberry.asm
                   carga5   0x0004ac    program     static C:\Users\tiafa\Desktop\USART PIC Raspberry\USART PIC Raspberry.asm
                   carga6   0x0004af    program     static C:\Users\tiafa\Desktop\USART PIC Raspberry\USART PIC Raspberry.asm
                   carga7   0x0004b2    program     static C:\Users\tiafa\Desktop\USART PIC Raspberry\USART PIC Raspberry.asm
                   carga8   0x0004b5    program     static C:\Users\tiafa\Desktop\USART PIC Raspberry\USART PIC Raspberry.asm
                   carga9   0x0004b8    program     static C:\Users\tiafa\Desktop\USART PIC Raspberry\USART PIC Raspberry.asm
                   cargaa   0x0004bb    program     static C:\Users\tiafa\Desktop\USART PIC Raspberry\USART PIC Raspberry.asm
                   cargab   0x0004be    program     static C:\Users\tiafa\Desktop\USART PIC Raspberry\USART PIC Raspberry.asm
                   cargac   0x0004c1    program     static C:\Users\tiafa\Desktop\USART PIC Raspberry\USART PIC Raspberry.asm
                   cargad   0x0004c4    program     static C:\Users\tiafa\Desktop\USART PIC Raspberry\USART PIC Raspberry.asm
                   cargae   0x0004c7    program     static C:\Users\tiafa\Desktop\USART PIC Raspberry\USART PIC Raspberry.asm
                   cargaf   0x0004ca    program     static C:\Users\tiafa\Desktop\USART PIC Raspberry\USART PIC Raspberry.asm
                ParteAlta   0x0004cd    program     static C:\Users\tiafa\Desktop\USART PIC Raspberry\USART PIC Raspberry.asm
                  carga00   0x000511    program     static C:\Users\tiafa\Desktop\USART PIC Raspberry\USART PIC Raspberry.asm
                  carga01   0x000514    program     static C:\Users\tiafa\Desktop\USART PIC Raspberry\USART PIC Raspberry.asm
                  carga02   0x000517    program     static C:\Users\tiafa\Desktop\USART PIC Raspberry\USART PIC Raspberry.asm
                  carga03   0x00051a    program     static C:\Users\tiafa\Desktop\USART PIC Raspberry\USART PIC Raspberry.asm
                  carga04   0x00051d    program     static C:\Users\tiafa\Desktop\USART PIC Raspberry\USART PIC Raspberry.asm
                  carga05   0x000520    program     static C:\Users\tiafa\Desktop\USART PIC Raspberry\USART PIC Raspberry.asm
                  carga06   0x000523    program     static C:\Users\tiafa\Desktop\USART PIC Raspberry\USART PIC Raspberry.asm
                  carga07   0x000526    program     static C:\Users\tiafa\Desktop\USART PIC Raspberry\USART PIC Raspberry.asm
                  carga08   0x000529    program     static C:\Users\tiafa\Desktop\USART PIC Raspberry\USART PIC Raspberry.asm
                  carga09   0x00052c    program     static C:\Users\tiafa\Desktop\USART PIC Raspberry\USART PIC Raspberry.asm
                  carga0a   0x00052f    program     static C:\Users\tiafa\Desktop\USART PIC Raspberry\USART PIC Raspberry.asm
                  carga0b   0x000532    program     static C:\Users\tiafa\Desktop\USART PIC Raspberry\USART PIC Raspberry.asm
                  carga0c   0x000535    program     static C:\Users\tiafa\Desktop\USART PIC Raspberry\USART PIC Raspberry.asm
                  carga0d   0x000538    program     static C:\Users\tiafa\Desktop\USART PIC Raspberry\USART PIC Raspberry.asm
                  carga0e   0x00053b    program     static C:\Users\tiafa\Desktop\USART PIC Raspberry\USART PIC Raspberry.asm
                  carga0f   0x00053e    program     static C:\Users\tiafa\Desktop\USART PIC Raspberry\USART PIC Raspberry.asm
                   ret1_3   0x000541    program     static C:\Users\tiafa\Desktop\USART PIC Raspberry\USART PIC Raspberry.asm
                 Retardos   0x000541    program     static C:\Users\tiafa\Desktop\USART PIC Raspberry\USART PIC Raspberry.asm
                   ret1_2   0x000543    program     static C:\Users\tiafa\Desktop\USART PIC Raspberry\USART PIC Raspberry.asm
                   ret1_1   0x000545    program     static C:\Users\tiafa\Desktop\USART PIC Raspberry\USART PIC Raspberry.asm
             temp10micros   0x00054c    program     static C:\Users\tiafa\Desktop\USART PIC Raspberry\USART PIC Raspberry.asm
                   ret2_1   0x00054e    program     static C:\Users\tiafa\Desktop\USART PIC Raspberry\USART PIC Raspberry.asm
             retardounseg   0x000551    program     static C:\Users\tiafa\Desktop\USART PIC Raspberry\USART PIC Raspberry.asm
                  ciclo_3   0x000553    program     static C:\Users\tiafa\Desktop\USART PIC Raspberry\USART PIC Raspberry.asm
                  ciclo_2   0x000555    program     static C:\Users\tiafa\Desktop\USART PIC Raspberry\USART PIC Raspberry.asm
                  ciclo_1   0x000557    program     static C:\Users\tiafa\Desktop\USART PIC Raspberry\USART PIC Raspberry.asm
              retardoXseg   0x00055e    program     static C:\Users\tiafa\Desktop\USART PIC Raspberry\USART PIC Raspberry.asm
                 ciclos_3   0x000560    program     static C:\Users\tiafa\Desktop\USART PIC Raspberry\USART PIC Raspberry.asm
                 ciclos_2   0x000562    program     static C:\Users\tiafa\Desktop\USART PIC Raspberry\USART PIC Raspberry.asm
                 ciclos_1   0x000564    program     static C:\Users\tiafa\Desktop\USART PIC Raspberry\USART PIC Raspberry.asm
                transmite   0x00056b    program     static C:\Users\tiafa\Desktop\USART PIC Raspberry\USART PIC Raspberry.asm
                 txespera   0x000576    program     static C:\Users\tiafa\Desktop\USART PIC Raspberry\USART PIC Raspberry.asm


